This is pdfTeX, Version 3.14159265-2.6-1.40.20 (TeX Live 2019/W32TeX) (preloaded format=pdflatex 2020.2.9)  16 JUN 2021 20:33
entering extended mode
 restricted \write18 enabled.
 %&-line parsing enabled.
**Thesis.tex
(./Thesis.tex
LaTeX2e <2020-02-02> patch level 1
L3 programming layer <2020-02-03>
(c:/texlive/2019/texmf-dist/tex/latex/base/article.cls
Document Class: article 2019/12/20 v1.4l Standard LaTeX document class
(c:/texlive/2019/texmf-dist/tex/latex/base/size12.clo
File: size12.clo 2019/12/20 v1.4l Standard LaTeX file (size option)
)
\c@part=\count167
\c@section=\count168
\c@subsection=\count169
\c@subsubsection=\count170
\c@paragraph=\count171
\c@subparagraph=\count172
\c@figure=\count173
\c@table=\count174
\abovecaptionskip=\skip47
\belowcaptionskip=\skip48
\bibindent=\dimen134
)
(c:/texlive/2019/texmf-dist/tex/latex/graphics/graphicx.sty
Package: graphicx 2019/11/30 v1.2a Enhanced LaTeX Graphics (DPC,SPQR)

(c:/texlive/2019/texmf-dist/tex/latex/graphics/keyval.sty
Package: keyval 2014/10/28 v1.15 key=value parser (DPC)
\KV@toks@=\toks14
)
(c:/texlive/2019/texmf-dist/tex/latex/graphics/graphics.sty
Package: graphics 2019/11/30 v1.4a Standard LaTeX Graphics (DPC,SPQR)

(c:/texlive/2019/texmf-dist/tex/latex/graphics/trig.sty
Package: trig 2016/01/03 v1.10 sin cos tan (DPC)
)
(c:/texlive/2019/texmf-dist/tex/latex/graphics-cfg/graphics.cfg
File: graphics.cfg 2016/06/04 v1.11 sample graphics configuration
)
Package graphics Info: Driver file: pdftex.def on input line 105.

(c:/texlive/2019/texmf-dist/tex/latex/graphics-def/pdftex.def
File: pdftex.def 2018/01/08 v1.0l Graphics/color driver for pdftex
))
\Gin@req@height=\dimen135
\Gin@req@width=\dimen136
)
(c:/texlive/2019/texmf-dist/tex/latex/graphics/color.sty
Package: color 2019/11/23 v1.2a Standard LaTeX Color (DPC)

(c:/texlive/2019/texmf-dist/tex/latex/graphics-cfg/color.cfg
File: color.cfg 2016/01/02 v1.6 sample color configuration
)
Package color Info: Driver file: pdftex.def on input line 147.
)
(c:/texlive/2019/texmf-dist/tex/latex/framed/framed.sty
Package: framed 2011/10/22 v 0.96: framed or shaded text with page breaks
\OuterFrameSep=\skip49
\fb@frw=\dimen137
\fb@frh=\dimen138
\FrameRule=\dimen139
\FrameSep=\dimen140
)
(c:/texlive/2019/texmf-dist/tex/latex/base/alltt.sty
Package: alltt 1997/06/16 v2.0g defines alltt environment
)
\@input{Options/Packages.aux}
\openout2 = `Options/Packages.aux'.

(./Options/Packages.tex
(c:/texlive/2019/texmf-dist/tex/latex/biblatex/biblatex.sty
Package: biblatex 2019/12/01 v3.14 programmable bibliographies (PK/MW)

(c:/texlive/2019/texmf-dist/tex/latex/pdftexcmds/pdftexcmds.sty
Package: pdftexcmds 2019/11/24 v0.31 Utility functions of pdfTeX for LuaTeX (HO
)

(c:/texlive/2019/texmf-dist/tex/generic/infwarerr/infwarerr.sty
Package: infwarerr 2019/12/03 v1.5 Providing info/warning/error messages (HO)
)
(c:/texlive/2019/texmf-dist/tex/generic/iftex/iftex.sty
Package: iftex 2019/11/07 v1.0c TeX engine tests
)
(c:/texlive/2019/texmf-dist/tex/generic/ltxcmds/ltxcmds.sty
Package: ltxcmds 2019/12/15 v1.24 LaTeX kernel commands for general use (HO)
)
Package pdftexcmds Info: \pdf@primitive is available.
Package pdftexcmds Info: \pdf@ifprimitive is available.
Package pdftexcmds Info: \pdfdraftmode found.
)
(c:/texlive/2019/texmf-dist/tex/latex/etoolbox/etoolbox.sty
Package: etoolbox 2019/09/21 v2.5h e-TeX tools for LaTeX (JAW)
\etb@tempcnta=\count175
)
(c:/texlive/2019/texmf-dist/tex/latex/kvoptions/kvoptions.sty
Package: kvoptions 2019/11/29 v3.13 Key value format for package options (HO)

(c:/texlive/2019/texmf-dist/tex/generic/kvsetkeys/kvsetkeys.sty
Package: kvsetkeys 2019/12/15 v1.18 Key value parser (HO)
))
(c:/texlive/2019/texmf-dist/tex/latex/logreq/logreq.sty
Package: logreq 2010/08/04 v1.0 xml request logger
\lrq@indent=\count176

(c:/texlive/2019/texmf-dist/tex/latex/logreq/logreq.def
File: logreq.def 2010/08/04 v1.0 logreq spec v1.0
))
(c:/texlive/2019/texmf-dist/tex/latex/base/ifthen.sty
Package: ifthen 2014/09/29 v1.1c Standard LaTeX ifthen package (DPC)
)
(c:/texlive/2019/texmf-dist/tex/latex/url/url.sty
\Urlmuskip=\muskip16
Package: url 2013/09/16  ver 3.4  Verb mode for urls, etc.
)
\c@tabx@nest=\count177
\c@listtotal=\count178
\c@listcount=\count179
\c@liststart=\count180
\c@liststop=\count181
\c@citecount=\count182
\c@citetotal=\count183
\c@multicitecount=\count184
\c@multicitetotal=\count185
\c@instcount=\count186
\c@maxnames=\count187
\c@minnames=\count188
\c@maxitems=\count189
\c@minitems=\count190
\c@citecounter=\count191
\c@maxcitecounter=\count192
\c@savedcitecounter=\count193
\c@uniquelist=\count194
\c@uniquename=\count195
\c@refsection=\count196
\c@refsegment=\count197
\c@maxextratitle=\count198
\c@maxextratitleyear=\count199
\c@maxextraname=\count266
\c@maxextradate=\count267
\c@maxextraalpha=\count268
\c@abbrvpenalty=\count269
\c@highnamepenalty=\count270
\c@lownamepenalty=\count271
\c@maxparens=\count272
\c@parenlevel=\count273
\blx@tempcnta=\count274
\blx@tempcntb=\count275
\blx@tempcntc=\count276
\blx@maxsection=\count277
\blx@maxsegment@0=\count278
\blx@notetype=\count279
\blx@parenlevel@text=\count280
\blx@parenlevel@foot=\count281
\blx@sectionciteorder@0=\count282
\blx@entrysetcounter=\count283
\labelnumberwidth=\skip50
\labelalphawidth=\skip51
\biblabelsep=\skip52
\bibitemsep=\skip53
\bibnamesep=\skip54
\bibinitsep=\skip55
\bibparsep=\skip56
\bibhang=\skip57
\blx@bcfin=\read2
\blx@bcfout=\write3
\blx@langwohyphens=\language85
\c@mincomprange=\count284
\c@maxcomprange=\count285
\c@mincompwidth=\count286
Package biblatex Info: Trying to load biblatex default data model...
Package biblatex Info: ... file 'blx-dm.def' found.

(c:/texlive/2019/texmf-dist/tex/latex/biblatex/blx-dm.def
File: blx-dm.def 2019/12/01 v3.14 biblatex localization (PK/MW)
)
Package biblatex Info: Trying to load biblatex style data model...
Package biblatex Info: ... file 'authoryear.dbx' not found.
Package biblatex Info: Trying to load biblatex custom data model...
Package biblatex Info: ... file 'biblatex-dm.cfg' not found.
\c@afterword=\count287
\c@savedafterword=\count288
\c@annotator=\count289
\c@savedannotator=\count290
\c@author=\count291
\c@savedauthor=\count292
\c@bookauthor=\count293
\c@savedbookauthor=\count294
\c@commentator=\count295
\c@savedcommentator=\count296
\c@editor=\count297
\c@savededitor=\count298
\c@editora=\count299
\c@savededitora=\count300
\c@editorb=\count301
\c@savededitorb=\count302
\c@editorc=\count303
\c@savededitorc=\count304
\c@foreword=\count305
\c@savedforeword=\count306
\c@holder=\count307
\c@savedholder=\count308
\c@introduction=\count309
\c@savedintroduction=\count310
\c@namea=\count311
\c@savednamea=\count312
\c@nameb=\count313
\c@savednameb=\count314
\c@namec=\count315
\c@savednamec=\count316
\c@translator=\count317
\c@savedtranslator=\count318
\c@shortauthor=\count319
\c@savedshortauthor=\count320
\c@shorteditor=\count321
\c@savedshorteditor=\count322
\c@labelname=\count323
\c@savedlabelname=\count324
\c@institution=\count325
\c@savedinstitution=\count326
\c@lista=\count327
\c@savedlista=\count328
\c@listb=\count329
\c@savedlistb=\count330
\c@listc=\count331
\c@savedlistc=\count332
\c@listd=\count333
\c@savedlistd=\count334
\c@liste=\count335
\c@savedliste=\count336
\c@listf=\count337
\c@savedlistf=\count338
\c@location=\count339
\c@savedlocation=\count340
\c@organization=\count341
\c@savedorganization=\count342
\c@origlocation=\count343
\c@savedoriglocation=\count344
\c@origpublisher=\count345
\c@savedorigpublisher=\count346
\c@publisher=\count347
\c@savedpublisher=\count348
\c@language=\count349
\c@savedlanguage=\count350
\c@origlanguage=\count351
\c@savedoriglanguage=\count352
\c@pageref=\count353
\c@savedpageref=\count354
\shorthandwidth=\skip58
\shortjournalwidth=\skip59
\shortserieswidth=\skip60
\shorttitlewidth=\skip61
\shortauthorwidth=\skip62
\shorteditorwidth=\skip63
\locallabelnumberwidth=\skip64
\locallabelalphawidth=\skip65
\localshorthandwidth=\skip66
\localshortjournalwidth=\skip67
\localshortserieswidth=\skip68
\localshorttitlewidth=\skip69
\localshortauthorwidth=\skip70
\localshorteditorwidth=\skip71
Package biblatex Info: Trying to load compatibility code...
Package biblatex Info: ... file 'blx-compat.def' found.

(c:/texlive/2019/texmf-dist/tex/latex/biblatex/blx-compat.def
File: blx-compat.def 2019/12/01 v3.14 biblatex compatibility (PK/MW)
)
Package biblatex Info: Trying to load BibTeX backend compatibility...
Package biblatex Info: ... file 'blx-bibtex.def' found.

(c:/texlive/2019/texmf-dist/tex/latex/biblatex/blx-bibtex.def
File: blx-bibtex.def 2019/12/01 v3.14 biblatex compatibility (PK/MW)


Package biblatex Warning: Using fall-back BibTeX(8) backend:
(biblatex)                functionality may be reduced/unavailable.

)
Package biblatex Info: Trying to load generic definitions...
Package biblatex Info: ... file 'biblatex.def' found.
 (c:/texlive/2019/texmf-dist/tex/latex/biblatex/biblatex.def
File: biblatex.def 2019/12/01 v3.14 biblatex compatibility (PK/MW)
\c@textcitecount=\count355
\c@textcitetotal=\count356
\c@textcitemaxnames=\count357
\c@biburlbigbreakpenalty=\count358
\c@biburlbreakpenalty=\count359
\c@biburlnumpenalty=\count360
\c@biburlucpenalty=\count361
\c@biburllcpenalty=\count362
\biburlbigskip=\muskip17
\biburlnumskip=\muskip18
\biburlucskip=\muskip19
\biburllcskip=\muskip20
\c@smartand=\count363
)
Package biblatex Info: Trying to load natbib compatibility...
Package biblatex Info: ... file 'blx-natbib.def' found.

(c:/texlive/2019/texmf-dist/tex/latex/biblatex/blx-natbib.def
File: blx-natbib.def 2019/12/01 v3.14 biblatex compatibility (PK/MW)
Package biblatex Info: Delimiter 'nameyeardelim' in context '' already defined,
 overwriting.
)
Package biblatex Info: Trying to load bibliography style 'apa'...
Package biblatex Info: ... file 'apa.bbx' found.

(c:/texlive/2019/texmf-dist/tex/latex/biblatex-apa/apa.bbx
File: apa.bbx 2020/02/01 v9.5 APA biblatex references style


! Package biblatex Error: Biber backend is required by style.

See the biblatex package documentation for explanation.
Type  H <return>  for immediate help.
 ...                                              
                                                  
l.16 \RequireBiber[3]
                     
The selected style or one of the .bib files requires Biber.
It will not work at all with BibTeX..

Package biblatex Info: Trying to load bibliography style 'standard'...
Package biblatex Info: ... file 'standard.bbx' found.
(c:/texlive/2019/texmf-dist/tex/latex/biblatex/bbx/standard.bbx
File: standard.bbx 2019/12/01 v3.14 biblatex bibliography style (PK/MW)
\c@bbx:relatedcount=\count364
\c@bbx:relatedtotal=\count365
)

! Package keyval Error: usenarrator undefined.

See the keyval package documentation for explanation.
Type  H <return>  for immediate help.
 ...                                              
                                                  
l.306 ...                        usenarrator=true}
                                                  
Try typing  <return>  to proceed.
If that doesn't work, type  X <return>  to quit.

)
Package biblatex Info: Trying to load citation style 'authoryear'...
Package biblatex Info: ... file 'authoryear.cbx' found.
 (c:/texlive/2019/texmf-dist/tex/latex/biblatex/cbx/authoryear.cbx
File: authoryear.cbx 2019/12/01 v3.14 biblatex citation style (PK/MW)
Package biblatex Info: Redefining '\cite'.
Package biblatex Info: Redefining '\parencite'.
Package biblatex Info: Redefining '\footcite'.
Package biblatex Info: Redefining '\footcitetext'.
Package biblatex Info: Redefining '\smartcite'.
Package biblatex Info: Redefining '\textcite'.
Package biblatex Info: Redefining '\textcites'.
)
Package biblatex Info: Trying to load configuration file...
Package biblatex Info: ... file 'biblatex.cfg' found.

(c:/texlive/2019/texmf-dist/tex/latex/biblatex/biblatex.cfg
File: biblatex.cfg 
))
(c:/texlive/2019/texmf-dist/tex/latex/tools/tabularx.sty
Package: tabularx 2020/01/15 v2.11c `tabularx' package (DPC)

(c:/texlive/2019/texmf-dist/tex/latex/tools/array.sty
Package: array 2019/08/31 v2.4l Tabular extension package (FMi)
\col@sep=\dimen141
\ar@mcellbox=\box45
\extrarowheight=\dimen142
\NC@list=\toks15
\extratabsurround=\skip72
\backup@length=\skip73
\ar@cellbox=\box46
)
\TX@col@width=\dimen143
\TX@old@table=\dimen144
\TX@old@col=\dimen145
\TX@target=\dimen146
\TX@delta=\dimen147
\TX@cols=\count366
\TX@ftn=\toks16
)
(c:/texlive/2019/texmf-dist/tex/latex/caption/caption.sty
Package: caption 2020/01/03 v3.4h Customizing captions (AR)

(c:/texlive/2019/texmf-dist/tex/latex/caption/caption3.sty
Package: caption3 2020/01/03 v1.8h caption3 kernel (AR)
Package caption3 Info: TeX engine: e-TeX on input line 61.
\captionmargin=\dimen148
\captionmargin@=\dimen149
\captionwidth=\dimen150
\caption@tempdima=\dimen151
\caption@indent=\dimen152
\caption@parindent=\dimen153
\caption@hangindent=\dimen154
Package caption Info: Standard document class detected.
)
\c@caption@flags=\count367
\c@continuedfloat=\count368
)
(c:/texlive/2019/texmf-dist/tex/latex/enumitem/enumitem.sty
Package: enumitem 2019/06/20 v3.9 Customized lists
\labelindent=\skip74
\enit@outerparindent=\dimen155
\enit@toks=\toks17
\enit@inbox=\box47
\enit@count@id=\count369
\enitdp@description=\count370
)
(c:/texlive/2019/texmf-dist/tex/latex/multirow/multirow.sty
Package: multirow 2019/05/31 v2.5 Span multiple rows of a table
\multirow@colwidth=\skip75
\multirow@cntb=\count371
\multirow@dima=\skip76
\bigstrutjot=\dimen156
)
(c:/texlive/2019/texmf-dist/tex/latex/float/float.sty
Package: float 2001/11/08 v1.3d Float enhancements (AL)
\c@float@type=\count372
\float@exts=\toks18
\float@box=\box48
\@float@everytoks=\toks19
\@floatcapt=\box49
)
(c:/texlive/2019/texmf-dist/tex/latex/graphics/rotating.sty
Package: rotating 2016/08/11 v2.16d rotated objects in LaTeX
\c@r@tfl@t=\count373
\rotFPtop=\skip77
\rotFPbot=\skip78
\rot@float@box=\box50
\rot@mess@toks=\toks20
)
(c:/texlive/2019/texmf-dist/tex/latex/booktabs/booktabs.sty
Package: booktabs 2020/01/12 v1.61803398 Publication quality tables
\heavyrulewidth=\dimen157
\lightrulewidth=\dimen158
\cmidrulewidth=\dimen159
\belowrulesep=\dimen160
\belowbottomsep=\dimen161
\aboverulesep=\dimen162
\abovetopsep=\dimen163
\cmidrulesep=\dimen164
\cmidrulekern=\dimen165
\defaultaddspace=\dimen166
\@cmidla=\count374
\@cmidlb=\count375
\@aboverulesep=\dimen167
\@belowrulesep=\dimen168
\@thisruleclass=\count376
\@lastruleclass=\count377
\@thisrulewidth=\dimen169
)
(c:/texlive/2019/texmf-dist/tex/latex/tools/verbatim.sty
Package: verbatim 2019/11/10 v1.5r LaTeX2e package for verbatim enhancements
\every@verbatim=\toks21
\verbatim@line=\toks22
\verbatim@in@stream=\read3
)
(c:/texlive/2019/texmf-dist/tex/latex/tools/dcolumn.sty
Package: dcolumn 2014/10/28 v1.06 decimal alignment package (DPC)
)
(c:/texlive/2019/texmf-dist/tex/latex/threeparttable/threeparttable.sty
Package: threeparttable 2003/06/13  v 3.0
\@tempboxb=\box51
)
(c:/texlive/2019/texmf-dist/tex/latex/pdfpages/pdfpages.sty
Package: pdfpages 2020/01/28 v0.5q Insert pages of external PDF documents (AM)

(c:/texlive/2019/texmf-dist/tex/latex/tools/calc.sty
Package: calc 2017/05/25 v4.3 Infix arithmetic (KKT,FJ)
\calc@Acount=\count378
\calc@Bcount=\count379
\calc@Adimen=\dimen170
\calc@Bdimen=\dimen171
\calc@Askip=\skip79
\calc@Bskip=\skip80
LaTeX Info: Redefining \setlength on input line 80.
LaTeX Info: Redefining \addtolength on input line 81.
\calc@Ccount=\count380
\calc@Cskip=\skip81
)
(c:/texlive/2019/texmf-dist/tex/latex/eso-pic/eso-pic.sty
Package: eso-pic 2018/04/12 v2.0h eso-pic (RN)

(c:/texlive/2019/texmf-dist/tex/generic/atbegshi/atbegshi.sty
Package: atbegshi 2019/12/05 v1.19 At begin shipout hook (HO)
))
\AM@pagewidth=\dimen172
\AM@pageheight=\dimen173

(c:/texlive/2019/texmf-dist/tex/latex/pdfpages/pppdftex.def
File: pppdftex.def 2020/01/28 v0.5q Pdfpages driver for pdfTeX (AM)
)
\AM@pagebox=\box52
\AM@global@opts=\toks23
\AM@pagecnt=\count381
\AM@toc@title=\toks24
\c@AM@survey=\count382
\AM@templatesizebox=\box53
)
! Undefined control sequence.
l.49 \fancyhf
             {}% Clear all headers/footers
The control sequence at the end of the top line
of your error message was never \def'ed. If you have
misspelled it (e.g., `\hobx'), type `I' and the correct
spelling (e.g., `I\hbox'). Otherwise just continue,
and I'll forget about whatever was undefined.


! LaTeX Error: Command \headrulewidth undefined.

See the LaTeX manual or LaTeX Companion for explanation.
Type  H <return>  for immediate help.
 ...                                              
                                                  
l.50 \renewcommand{\headrulewidth}
                                  {0pt}% No header rule
Try typing  <return>  to proceed.
If that doesn't work, type  X <return>  to quit.


! LaTeX Error: Command \footrulewidth undefined.

See the LaTeX manual or LaTeX Companion for explanation.
Type  H <return>  for immediate help.
 ...                                              
                                                  
l.51 \renewcommand{\footrulewidth}
                                  {0pt}% No footer rule
Try typing  <return>  to proceed.
If that doesn't work, type  X <return>  to quit.

(c:/texlive/2019/texmf-dist/tex/latex/geometry/geometry.sty
Package: geometry 2020/01/02 v5.9 Page Geometry

(c:/texlive/2019/texmf-dist/tex/generic/iftex/ifvtex.sty
Package: ifvtex 2019/10/25 v1.7 ifvtex legacy package. Use iftex instead.
)
\Gm@cnth=\count383
\Gm@cntv=\count384
\c@Gm@tempcnt=\count385
\Gm@bindingoffset=\dimen174
\Gm@wd@mp=\dimen175
\Gm@odd@mp=\dimen176
\Gm@even@mp=\dimen177
\Gm@layoutwidth=\dimen178
\Gm@layoutheight=\dimen179
\Gm@layouthoffset=\dimen180
\Gm@layoutvoffset=\dimen181
\Gm@dimlist=\toks25
)
(c:/texlive/2019/texmf-dist/tex/latex/psnfss/mathptmx.sty
Package: mathptmx 2005/04/12 PSNFSS-v9.2a Times w/ Math, improved (SPQR, WaS) 
LaTeX Font Info:    Redeclaring symbol font `operators' on input line 28.
LaTeX Font Info:    Overwriting symbol font `operators' in version `normal'
(Font)                  OT1/cmr/m/n --> OT1/ztmcm/m/n on input line 28.
LaTeX Font Info:    Overwriting symbol font `operators' in version `bold'
(Font)                  OT1/cmr/bx/n --> OT1/ztmcm/m/n on input line 28.
LaTeX Font Info:    Redeclaring symbol font `letters' on input line 29.
LaTeX Font Info:    Overwriting symbol font `letters' in version `normal'
(Font)                  OML/cmm/m/it --> OML/ztmcm/m/it on input line 29.
LaTeX Font Info:    Overwriting symbol font `letters' in version `bold'
(Font)                  OML/cmm/b/it --> OML/ztmcm/m/it on input line 29.
LaTeX Font Info:    Redeclaring symbol font `symbols' on input line 30.
LaTeX Font Info:    Overwriting symbol font `symbols' in version `normal'
(Font)                  OMS/cmsy/m/n --> OMS/ztmcm/m/n on input line 30.
LaTeX Font Info:    Overwriting symbol font `symbols' in version `bold'
(Font)                  OMS/cmsy/b/n --> OMS/ztmcm/m/n on input line 30.
LaTeX Font Info:    Redeclaring symbol font `largesymbols' on input line 31.
LaTeX Font Info:    Overwriting symbol font `largesymbols' in version `normal'
(Font)                  OMX/cmex/m/n --> OMX/ztmcm/m/n on input line 31.
LaTeX Font Info:    Overwriting symbol font `largesymbols' in version `bold'
(Font)                  OMX/cmex/m/n --> OMX/ztmcm/m/n on input line 31.
\symbold=\mathgroup4
\symitalic=\mathgroup5
LaTeX Font Info:    Redeclaring math alphabet \mathbf on input line 34.
LaTeX Font Info:    Overwriting math alphabet `\mathbf' in version `normal'
(Font)                  OT1/cmr/bx/n --> OT1/ptm/bx/n on input line 34.
LaTeX Font Info:    Overwriting math alphabet `\mathbf' in version `bold'
(Font)                  OT1/cmr/bx/n --> OT1/ptm/bx/n on input line 34.
LaTeX Font Info:    Redeclaring math alphabet \mathit on input line 35.
LaTeX Font Info:    Overwriting math alphabet `\mathit' in version `normal'
(Font)                  OT1/cmr/m/it --> OT1/ptm/m/it on input line 35.
LaTeX Font Info:    Overwriting math alphabet `\mathit' in version `bold'
(Font)                  OT1/cmr/bx/it --> OT1/ptm/m/it on input line 35.
LaTeX Info: Redefining \hbar on input line 50.
)
(c:/texlive/2019/texmf-dist/tex/latex/jknapltx/mathrsfs.sty
Package: mathrsfs 1996/01/01 Math RSFS package v1.0 (jk)
\symrsfs=\mathgroup6
)
(c:/texlive/2019/texmf-dist/tex/latex/amsmath/amsmath.sty
Package: amsmath 2020/01/20 v2.17e AMS math features
\@mathmargin=\skip82

For additional information on amsmath, use the `?' option.
(c:/texlive/2019/texmf-dist/tex/latex/amsmath/amstext.sty
Package: amstext 2000/06/29 v2.01 AMS text

(c:/texlive/2019/texmf-dist/tex/latex/amsmath/amsgen.sty
File: amsgen.sty 1999/11/30 v2.0 generic functions
\@emptytoks=\toks26
\ex@=\dimen182
))
(c:/texlive/2019/texmf-dist/tex/latex/amsmath/amsbsy.sty
Package: amsbsy 1999/11/29 v1.2d Bold Symbols
\pmbraise@=\dimen183
)
(c:/texlive/2019/texmf-dist/tex/latex/amsmath/amsopn.sty
Package: amsopn 2016/03/08 v2.02 operator names
)
\inf@bad=\count386
LaTeX Info: Redefining \frac on input line 227.
\uproot@=\count387
\leftroot@=\count388
LaTeX Info: Redefining \overline on input line 389.
\classnum@=\count389
\DOTSCASE@=\count390
LaTeX Info: Redefining \ldots on input line 486.
LaTeX Info: Redefining \dots on input line 489.
LaTeX Info: Redefining \cdots on input line 610.
\Mathstrutbox@=\box54
\strutbox@=\box55
\big@size=\dimen184
LaTeX Font Info:    Redeclaring font encoding OML on input line 733.
LaTeX Font Info:    Redeclaring font encoding OMS on input line 734.
\macc@depth=\count391
\c@MaxMatrixCols=\count392
\dotsspace@=\muskip21
\c@parentequation=\count393
\dspbrk@lvl=\count394
\tag@help=\toks27
\row@=\count395
\column@=\count396
\maxfields@=\count397
\andhelp@=\toks28
\eqnshift@=\dimen185
\alignsep@=\dimen186
\tagshift@=\dimen187
\tagwidth@=\dimen188
\totwidth@=\dimen189
\lineht@=\dimen190
\@envbody=\toks29
\multlinegap=\skip83
\multlinetaggap=\skip84
\mathdisplay@stack=\toks30
LaTeX Info: Redefining \[ on input line 2859.
LaTeX Info: Redefining \] on input line 2860.
)
(c:/texlive/2019/texmf-dist/tex/latex/amscls/amsthm.sty
Package: amsthm 2017/10/31 v2.20.4
\thm@style=\toks31
\thm@bodyfont=\toks32
\thm@headfont=\toks33
\thm@notefont=\toks34
\thm@headpunct=\toks35
\thm@preskip=\skip85
\thm@postskip=\skip86
\thm@headsep=\skip87
\dth@everypar=\toks36
)
(c:/texlive/2019/texmf-dist/tex/latex/amsfonts/amssymb.sty
Package: amssymb 2013/01/14 v3.01 AMS font symbols

(c:/texlive/2019/texmf-dist/tex/latex/amsfonts/amsfonts.sty
Package: amsfonts 2013/01/14 v3.01 Basic AMSFonts support
\symAMSa=\mathgroup7
\symAMSb=\mathgroup8
LaTeX Font Info:    Overwriting math alphabet `\mathfrak' in version `bold'
(Font)                  U/euf/m/n --> U/euf/b/n on input line 106.
))
(c:/texlive/2019/texmf-dist/tex/latex/mathtools/mathtools.sty
Package: mathtools 2020/01/17 v1.23 mathematical typesetting tools

(c:/texlive/2019/texmf-dist/tex/latex/mathtools/mhsetup.sty
Package: mhsetup 2017/03/31 v1.3 programming setup (MH)
)
LaTeX Info: Thecontrolsequence`\('isalreadyrobust on input line 129.
LaTeX Info: Thecontrolsequence`\)'isalreadyrobust on input line 129.
LaTeX Info: Thecontrolsequence`\['isalreadyrobust on input line 129.
LaTeX Info: Thecontrolsequence`\]'isalreadyrobust on input line 129.
\g_MT_multlinerow_int=\count398
\l_MT_multwidth_dim=\dimen191
\origjot=\skip88
\l_MT_shortvdotswithinadjustabove_dim=\dimen192
\l_MT_shortvdotswithinadjustbelow_dim=\dimen193
\l_MT_above_intertext_sep=\dimen194
\l_MT_below_intertext_sep=\dimen195
\l_MT_above_shortintertext_sep=\dimen196
\l_MT_below_shortintertext_sep=\dimen197
)
(c:/texlive/2019/texmf-dist/tex/latex/hyperref/hyperref.sty
Package: hyperref 2020/01/14 v7.00d Hypertext links for LaTeX

(c:/texlive/2019/texmf-dist/tex/generic/kvdefinekeys/kvdefinekeys.sty
Package: kvdefinekeys 2019-12-19 v1.6 Define keys (HO)
)
(c:/texlive/2019/texmf-dist/tex/generic/pdfescape/pdfescape.sty
Package: pdfescape 2019/12/09 v1.15 Implements pdfTeX's escape features (HO)
)
(c:/texlive/2019/texmf-dist/tex/latex/hycolor/hycolor.sty
Package: hycolor 2020-01-27 v1.10 Color options for hyperref/bookmark (HO)
)
(c:/texlive/2019/texmf-dist/tex/latex/letltxmacro/letltxmacro.sty
Package: letltxmacro 2019/12/03 v1.6 Let assignment for LaTeX macros (HO)
)
(c:/texlive/2019/texmf-dist/tex/latex/auxhook/auxhook.sty
Package: auxhook 2019-12-17 v1.6 Hooks for auxiliary files (HO)
)
\@linkdim=\dimen198
\Hy@linkcounter=\count399
\Hy@pagecounter=\count400

(c:/texlive/2019/texmf-dist/tex/latex/hyperref/pd1enc.def
File: pd1enc.def 2020/01/14 v7.00d Hyperref: PDFDocEncoding definition (HO)
Now handling font encoding PD1 ...
... no UTF-8 mapping file for font encoding PD1
)
(c:/texlive/2019/texmf-dist/tex/generic/intcalc/intcalc.sty
Package: intcalc 2019/12/15 v1.3 Expandable calculations with integers (HO)
)
(c:/texlive/2019/texmf-dist/tex/generic/etexcmds/etexcmds.sty
Package: etexcmds 2019/12/15 v1.7 Avoid name clashes with e-TeX commands (HO)
)
\Hy@SavedSpaceFactor=\count401
\pdfmajorversion=\count402
Package hyperref Info: Option `colorlinks' set `true' on input line 4421.
Package hyperref Info: Option `linktocpage' set `true' on input line 4421.
Package hyperref Info: Hyper figures OFF on input line 4547.
Package hyperref Info: Link nesting OFF on input line 4552.
Package hyperref Info: Hyper index ON on input line 4555.
Package hyperref Info: Plain pages OFF on input line 4562.
Package hyperref Info: Backreferencing OFF on input line 4567.
Package hyperref Info: Implicit mode ON; LaTeX internals redefined.
Package hyperref Info: Bookmarks ON on input line 4800.
\c@Hy@tempcnt=\count403
LaTeX Info: Redefining \url on input line 5159.
\XeTeXLinkMargin=\dimen199

(c:/texlive/2019/texmf-dist/tex/generic/bitset/bitset.sty
Package: bitset 2019/12/09 v1.3 Handle bit-vector datatype (HO)

(c:/texlive/2019/texmf-dist/tex/generic/bigintcalc/bigintcalc.sty
Package: bigintcalc 2019/12/15 v1.5 Expandable calculations on big integers (HO
)
))
\Fld@menulength=\count404
\Field@Width=\dimen256
\Fld@charsize=\dimen257
Package hyperref Info: Hyper figures OFF on input line 6430.
Package hyperref Info: Link nesting OFF on input line 6435.
Package hyperref Info: Hyper index ON on input line 6438.
Package hyperref Info: backreferencing OFF on input line 6445.
Package hyperref Info: Link coloring ON on input line 6448.
Package hyperref Info: Link coloring with OCG OFF on input line 6455.
Package hyperref Info: PDF/A mode OFF on input line 6460.
LaTeX Info: Redefining \ref on input line 6500.
LaTeX Info: Redefining \pageref on input line 6504.
\Hy@abspage=\count405
\c@Item=\count406
\c@Hfootnote=\count407
)
Package hyperref Info: Driver (autodetected): hpdftex.

(c:/texlive/2019/texmf-dist/tex/latex/hyperref/hpdftex.def
File: hpdftex.def 2020/01/14 v7.00d Hyperref driver for pdfTeX

(c:/texlive/2019/texmf-dist/tex/latex/atveryend/atveryend.sty
Package: atveryend 2019-12-11 v1.11 Hooks at the very end of document (HO)
)
\Fld@listcount=\count408
\c@bookmark@seq@number=\count409

(c:/texlive/2019/texmf-dist/tex/latex/rerunfilecheck/rerunfilecheck.sty
Package: rerunfilecheck 2019/12/05 v1.9 Rerun checks for auxiliary files (HO)

(c:/texlive/2019/texmf-dist/tex/generic/uniquecounter/uniquecounter.sty
Package: uniquecounter 2019/12/15 v1.4 Provide unlimited unique counter (HO)
)
Package uniquecounter Info: New unique counter `rerunfilecheck' on input line 2
86.
)
\Hy@SectionHShift=\skip89
)
(c:/texlive/2019/texmf-dist/tex/latex/tools/longtable.sty
Package: longtable 2020/01/07 v4.13 Multi-page Table package (DPC)
\LTleft=\skip90
\LTright=\skip91
\LTpre=\skip92
\LTpost=\skip93
\LTchunksize=\count410
\LTcapwidth=\dimen258
\LT@head=\box56
\LT@firsthead=\box57
\LT@foot=\box58
\LT@lastfoot=\box59
\LT@cols=\count411
\LT@rows=\count412
\c@LT@tables=\count413
\c@LT@chunks=\count414
\LT@p@ftn=\toks37
)
(c:/texlive/2019/texmf-dist/tex/latex/placeins/placeins.sty
Package: placeins 2005/04/18  v 2.2
)
(c:/texlive/2019/texmf-dist/tex/latex/upquote/upquote.sty
Package: upquote 2012/04/19 v1.3 upright-quote and grave-accent glyphs in verba
tim
)
(c:/texlive/2019/texmf-dist/tex/latex/answers/answers.sty
Package: answers 2014/08/24 v2.16 Production of solution sheets in LaTeX2e
)
(c:/texlive/2019/texmf-dist/tex/latex/setspace/setspace.sty
Package: setspace 2011/12/19 v6.7a set line spacing
)
(c:/texlive/2019/texmf-dist/tex/latex/tools/multicol.sty
Package: multicol 2019/12/09 v1.8y multicolumn formatting (FMi)
\c@tracingmulticols=\count415
\mult@box=\box60
\multicol@leftmargin=\dimen259
\c@unbalance=\count416
\c@collectmore=\count417
\doublecol@number=\count418
\multicoltolerance=\count419
\multicolpretolerance=\count420
\full@width=\dimen260
\page@free=\dimen261
\premulticols=\dimen262
\postmulticols=\dimen263
\multicolsep=\skip94
\multicolbaselineskip=\skip95
\partial@page=\box61
\last@line=\box62
\maxbalancingoverflow=\dimen264
\mult@rightbox=\box63
\mult@grightbox=\box64
\mult@gfirstbox=\box65
\mult@firstbox=\box66
\@tempa=\box67
\@tempa=\box68
\@tempa=\box69
\@tempa=\box70
\@tempa=\box71
\@tempa=\box72
\@tempa=\box73
\@tempa=\box74
\@tempa=\box75
\@tempa=\box76
\@tempa=\box77
\@tempa=\box78
\@tempa=\box79
\@tempa=\box80
\@tempa=\box81
\@tempa=\box82
\@tempa=\box83
\@tempa=\box84
\@tempa=\box85
\@tempa=\box86
\@tempa=\box87
\@tempa=\box88
\@tempa=\box89
\@tempa=\box90
\@tempa=\box91
\@tempa=\box92
\@tempa=\box93
\@tempa=\box94
\@tempa=\box95
\@tempa=\box96
\@tempa=\box97
\@tempa=\box98
\@tempa=\box99
\@tempa=\box100
\@tempa=\box101
\@tempa=\box102
\@tempa=\box103
\c@minrows=\count421
\c@columnbadness=\count422
\c@finalcolumnbadness=\count423
\last@try=\dimen265
\multicolovershoot=\dimen266
\multicolundershoot=\dimen267
\mult@nat@firstbox=\box104
\colbreak@box=\box105
\mc@col@check@num=\count424
)
(c:/texlive/2019/texmf-dist/tex/latex/fancyhdr/fancyhdr.sty
Package: fancyhdr 2019/01/31 v3.10 Extensive control of page headers and footer
s
\f@nch@headwidth=\skip96
\f@nch@O@elh=\skip97
\f@nch@O@erh=\skip98
\f@nch@O@olh=\skip99
\f@nch@O@orh=\skip100
\f@nch@O@elf=\skip101
\f@nch@O@erf=\skip102
\f@nch@O@olf=\skip103
\f@nch@O@orf=\skip104


! LaTeX Error: Command \headrulewidth already defined.
               Or name \end... illegal, see p.192 of the manual.

See the LaTeX manual or LaTeX Companion for explanation.
Type  H <return>  for immediate help.
 ...                                              
                                                  
l.119 \newcommand{\headrulewidth}{0.4pt}
                                        
Your command was ignored.
Type  I <command> <return>  to replace it with another command,
or  <return>  to continue without it.


! LaTeX Error: Command \footrulewidth already defined.
               Or name \end... illegal, see p.192 of the manual.

See the LaTeX manual or LaTeX Companion for explanation.
Type  H <return>  for immediate help.
 ...                                              
                                                  
l.120 \newcommand{\footrulewidth}{0pt}
                                      
Your command was ignored.
Type  I <command> <return>  to replace it with another command,
or  <return>  to continue without it.

)

! LaTeX Error: Command \chaptermark undefined.

See the LaTeX manual or LaTeX Companion for explanation.
Type  H <return>  for immediate help.
 ...                                              
                                                  
l.148 \renewcommand{\chaptermark}
                                 [1]{\markboth{#1}{}}
Try typing  <return>  to proceed.
If that doesn't work, type  X <return>  to quit.

(c:/texlive/2019/texmf-dist/tex/latex/caption/subcaption.sty
Package: subcaption 2020/01/22 v1.3d Sub-captions (AR)
\c@subfigure=\count425
\c@subtable=\count426
)
! Too many }'s.
<recently read> }
                 
l.183 \usepackage{mathptmx}}
                            }
You've closed more groups than you opened.
Such booboos are generally harmless, so keep going.

! Too many }'s.
l.183 \usepackage{mathptmx}}}
                             
You've closed more groups than you opened.
Such booboos are generally harmless, so keep going.

(c:/texlive/2019/texmf-dist/tex/latex/adjustbox/adjustbox.sty
Package: adjustbox 2019/01/04 v1.2 Adjusting TeX boxes (trim, clip, ...)

(c:/texlive/2019/texmf-dist/tex/latex/xkeyval/xkeyval.sty
Package: xkeyval 2014/12/03 v2.7a package option processing (HA)

(c:/texlive/2019/texmf-dist/tex/generic/xkeyval/xkeyval.tex
(c:/texlive/2019/texmf-dist/tex/generic/xkeyval/xkvutils.tex
\XKV@toks=\toks38
\XKV@tempa@toks=\toks39
)
\XKV@depth=\count427
File: xkeyval.tex 2014/12/03 v2.7a key=value parser (HA)
))
(c:/texlive/2019/texmf-dist/tex/latex/adjustbox/adjcalc.sty
Package: adjcalc 2012/05/16 v1.1 Provides advanced setlength with multiple back
-ends (calc, etex, pgfmath)
)
(c:/texlive/2019/texmf-dist/tex/latex/adjustbox/trimclip.sty
Package: trimclip 2018/04/08 v1.1 Trim and clip general TeX material

(c:/texlive/2019/texmf-dist/tex/latex/collectbox/collectbox.sty
Package: collectbox 2012/05/17 v0.4b Collect macro arguments as boxes
\collectedbox=\box106
)
\tc@llx=\dimen268
\tc@lly=\dimen269
\tc@urx=\dimen270
\tc@ury=\dimen271
Package trimclip Info: Using driver 'tc-pdftex.def'.

(c:/texlive/2019/texmf-dist/tex/latex/adjustbox/tc-pdftex.def
File: tc-pdftex.def 2019/01/04 v2.2 Clipping driver for pdftex
))
\adjbox@Width=\dimen272
\adjbox@Height=\dimen273
\adjbox@Depth=\dimen274
\adjbox@Totalheight=\dimen275
\adjbox@pwidth=\dimen276
\adjbox@pheight=\dimen277
\adjbox@pdepth=\dimen278
\adjbox@ptotalheight=\dimen279

(c:/texlive/2019/texmf-dist/tex/latex/ifoddpage/ifoddpage.sty
Package: ifoddpage 2016/04/23 v1.1 Conditionals for odd/even page detection
\c@checkoddpage=\count428
)
(c:/texlive/2019/texmf-dist/tex/latex/varwidth/varwidth.sty
Package: varwidth 2009/03/30 ver 0.92;  Variable-width minipages
\@vwid@box=\box107
\sift@deathcycles=\count429
\@vwid@loff=\dimen280
\@vwid@roff=\dimen281
))
(c:/texlive/2019/texmf-dist/tex/latex/changepage/chngpage.sty
Package: chngpage 2009/10/20 v1.2b change page layout
\c@cp@cnt=\count430
\c@cp@tempcnt=\count431
LaTeX Info: Redefining \checkoddpage on input line 48.
)

! LaTeX Error: Command \bibitemsep already defined.
               Or name \end... illegal, see p.192 of the manual.

See the LaTeX manual or LaTeX Companion for explanation.
Type  H <return>  for immediate help.
 ...                                              
                                                  
l.200 \newlength{\bibitemsep}
                             \setlength{\bibitemsep}{.2\baselineskip plus .0...

Your command was ignored.
Type  I <command> <return>  to replace it with another command,
or  <return>  to continue without it.

\bibparskip=\skip105

Package array Warning: Redefining primitive column b on input line 211.


Package array Warning: Redefining primitive column m on input line 213.

)
\@quotelevel=\count432
\@quotereset=\count433
 (c:/texlive/2019/texmf-dist/tex/latex/l3backend/l3backend-pdfmode.def
File: l3backend-pdfmode.def 2020-02-03 L3 backend support: PDF mode
\l__kernel_color_stack_int=\count434
\l__pdf_internal_box=\box108
)
(./Thesis.aux)
\openout1 = `Thesis.aux'.

LaTeX Font Info:    Checking defaults for OML/cmm/m/it on input line 57.
LaTeX Font Info:    ... okay on input line 57.
LaTeX Font Info:    Checking defaults for OMS/cmsy/m/n on input line 57.
LaTeX Font Info:    ... okay on input line 57.
LaTeX Font Info:    Checking defaults for OT1/cmr/m/n on input line 57.
LaTeX Font Info:    ... okay on input line 57.
LaTeX Font Info:    Checking defaults for T1/cmr/m/n on input line 57.
LaTeX Font Info:    ... okay on input line 57.
LaTeX Font Info:    Checking defaults for TS1/cmr/m/n on input line 57.
LaTeX Font Info:    ... okay on input line 57.
LaTeX Font Info:    Checking defaults for OMX/cmex/m/n on input line 57.
LaTeX Font Info:    ... okay on input line 57.
LaTeX Font Info:    Checking defaults for U/cmr/m/n on input line 57.
LaTeX Font Info:    ... okay on input line 57.
LaTeX Font Info:    Checking defaults for PD1/pdf/m/n on input line 57.
LaTeX Font Info:    ... okay on input line 57.
LaTeX Font Info:    Trying to load font information for OT1+ptm on input line 5
7.
 (c:/texlive/2019/texmf-dist/tex/latex/psnfss/ot1ptm.fd
File: ot1ptm.fd 2001/06/04 font definitions for OT1/ptm.
)
(c:/texlive/2019/texmf-dist/tex/context/base/mkii/supp-pdf.mkii
[Loading MPS to PDF converter (version 2006.09.02).]
\scratchcounter=\count435
\scratchdimen=\dimen282
\scratchbox=\box109
\nofMPsegments=\count436
\nofMParguments=\count437
\everyMPshowfont=\toks40
\MPscratchCnt=\count438
\MPscratchDim=\dimen283
\MPnumerator=\count439
\makeMPintoPDFobject=\count440
\everyMPtoPDFconversion=\toks41
) (c:/texlive/2019/texmf-dist/tex/latex/epstopdf-pkg/epstopdf-base.sty
Package: epstopdf-base 2020-01-24 v2.11 Base part for package epstopdf
Package epstopdf-base Info: Redefining graphics rule for `.eps' on input line 4
85.

(c:/texlive/2019/texmf-dist/tex/latex/latexconfig/epstopdf-sys.cfg
File: epstopdf-sys.cfg 2010/07/13 v1.3 Configuration of (r)epstopdf for TeX Liv
e
))
Package biblatex Info: Trying to load language 'english' -> 'english-apa'...
Package biblatex Info: ... file 'english-apa.lbx' found.

(c:/texlive/2019/texmf-dist/tex/latex/biblatex-apa/english-apa.lbx
File: english-apa.lbx 2020/02/01 v9.5 APA biblatex localisation
Package biblatex Info: Trying to load language 'english'...
Package biblatex Info: ... file 'english.lbx' found.

(c:/texlive/2019/texmf-dist/tex/latex/biblatex/lbx/english.lbx
File: english.lbx 2019/12/01 v3.14 biblatex localization (PK/MW)
)
Package biblatex Info: Trying to load language 'american' -> 'american-apa'...
Package biblatex Info: ... file 'american-apa.lbx' found.

(c:/texlive/2019/texmf-dist/tex/latex/biblatex-apa/american-apa.lbx
File: american-apa.lbx 2020/02/01 v9.5 APA biblatex localisation
Package biblatex Info: Trying to load language 'american'...
Package biblatex Info: ... file 'american.lbx' found.

(c:/texlive/2019/texmf-dist/tex/latex/biblatex/lbx/american.lbx
File: american.lbx 2019/12/01 v3.14 biblatex localization (PK/MW)
Package biblatex Info: Trying to load language 'english'...
Package biblatex Info: ... file 'english.lbx' found.

(c:/texlive/2019/texmf-dist/tex/latex/biblatex/lbx/english.lbx
File: english.lbx 2019/12/01 v3.14 biblatex localization (PK/MW)
))))
Package biblatex Info: Input encoding 'utf8' detected.
Package biblatex Info: Automatic encoding selection.
(biblatex)             Assuming data encoding 'utf8'.
Package biblatex Info: Input encoding 'utf8' specified.
Package biblatex Info: Data encoding 'utf8' specified.
(biblatex)             No need to reencode data.
\openout3 = `Thesis-blx.bib'.

Package biblatex Info: Trying to load bibliographic data...
Package biblatex Info: ... file 'Thesis.bbl' found.

(./Thesis.bbl)
Package biblatex Info: Reference section=0 on input line 57.
Package biblatex Info: Reference segment=0 on input line 57.
Package caption Info: Begin \AtBeginDocument code.
Package caption Info: float package is loaded.
Package caption Info: hyperref package is loaded.
Package caption Info: longtable package is loaded.
 (c:/texlive/2019/texmf-dist/tex/latex/caption/ltcaption.sty
Package: ltcaption 2018/08/26 v1.4a longtable captions (AR)
)
Package caption Info: rotating package is loaded.
Package caption Info: threeparttable package is loaded.
Package caption Info: End \AtBeginDocument code.
\AtBeginShipoutBox=\box110

(c:/texlive/2019/texmf-dist/tex/latex/pdflscape/pdflscape.sty
Package: pdflscape 2019/12/05 v0.12 Display of landscape pages in PDF (HO)

(c:/texlive/2019/texmf-dist/tex/latex/graphics/lscape.sty
Package: lscape 2000/10/22 v3.01 Landscape Pages (DPC)
)
Package pdflscape Info: Auto-detected driver: pdftex on input line 81.
)
*geometry* driver: auto-detecting
*geometry* detected driver: pdftex
*geometry* verbose mode - [ preamble ] result:
* driver: pdftex
* paper: a4paper
* layout: <same size as paper>
* layoutoffset:(h,v)=(0.0pt,0.0pt)
* modes: 
* h-part:(L,W,R)=(71.13188pt, 455.24411pt, 71.13188pt)
* v-part:(T,H,B)=(71.13188pt, 688.5567pt, 85.35826pt)
* \paperwidth=597.50787pt
* \paperheight=845.04684pt
* \textwidth=455.24411pt
* \textheight=688.5567pt
* \oddsidemargin=-1.1381pt
* \evensidemargin=-1.1381pt
* \topmargin=-38.1381pt
* \headheight=12.0pt
* \headsep=25.0pt
* \topskip=12.0pt
* \footskip=30.0pt
* \marginparwidth=35.0pt
* \marginparsep=10.0pt
* \columnsep=10.0pt
* \skip\footins=10.8pt plus 4.0pt minus 2.0pt
* \hoffset=0.0pt
* \voffset=0.0pt
* \mag=1000
* \@twocolumnfalse
* \@twosidefalse
* \@mparswitchfalse
* \@reversemarginfalse
* (1in=72.27pt=25.4mm, 1cm=28.453pt)

Package hyperref Info: Link coloring ON on input line 57.
(c:/texlive/2019/texmf-dist/tex/latex/hyperref/nameref.sty
Package: nameref 2019/09/16 v2.46 Cross-referencing by name of section

(c:/texlive/2019/texmf-dist/tex/latex/refcount/refcount.sty
Package: refcount 2019/12/15 v3.6 Data extraction from label references (HO)
)
(c:/texlive/2019/texmf-dist/tex/generic/gettitlestring/gettitlestring.sty
Package: gettitlestring 2019/12/15 v1.6 Cleanup title references (HO)
)
\c@section@level=\count441
)
LaTeX Info: Redefining \ref on input line 57.
LaTeX Info: Redefining \pageref on input line 57.
LaTeX Info: Redefining \nameref on input line 57.

(./Thesis.out) (./Thesis.out)
\@outlinefile=\write4
\openout4 = `Thesis.out'.



pdfTeX warning: pdflatex.exe (file ./Pictures/Deckblatt_Master21_englisch_fullf
illed3.pdf): PDF inclusion: found PDF version <1.7>, but at most version <1.5> 
allowed
<Pictures/Deckblatt_Master21_englisch_fullfilled3.pdf, id=213, 597.45204pt x 84
5.1575pt>
File: Pictures/Deckblatt_Master21_englisch_fullfilled3.pdf Graphic file (type p
df)
<use Pictures/Deckblatt_Master21_englisch_fullfilled3.pdf>
Package pdftex.def Info: Pictures/Deckblatt_Master21_englisch_fullfilled3.pdf  
used on input line 62.
(pdftex.def)             Requested size: 597.45058pt x 845.15544pt.


pdfTeX warning: pdflatex.exe (file ./Pictures/Deckblatt_Master21_englisch_fullf
illed3.pdf): PDF inclusion: found PDF version <1.7>, but at most version <1.5> 
allowed
File: Pictures/Deckblatt_Master21_englisch_fullfilled3.pdf Graphic file (type p
df)
<use Pictures/Deckblatt_Master21_englisch_fullfilled3.pdf>
Package pdftex.def Info: Pictures/Deckblatt_Master21_englisch_fullfilled3.pdf  
used on input line 62.
(pdftex.def)             Requested size: 597.45058pt x 845.15544pt.


pdfTeX warning: pdflatex.exe (file ./Pictures/Deckblatt_Master21_englisch_fullf
illed3.pdf): PDF inclusion: found PDF version <1.7>, but at most version <1.5> 
allowed


pdfTeX warning: pdflatex.exe (file ./Pictures/Deckblatt_Master21_englisch_fullf
illed3.pdf): PDF inclusion: found PDF version <1.7>, but at most version <1.5> 
allowed
<Pictures/Deckblatt_Master21_englisch_fullfilled3.pdf, id=216, page=1, 597.4520
4pt x 845.1575pt>
File: Pictures/Deckblatt_Master21_englisch_fullfilled3.pdf Graphic file (type p
df)
<use Pictures/Deckblatt_Master21_englisch_fullfilled3.pdf, page 1>
Package pdftex.def Info: Pictures/Deckblatt_Master21_englisch_fullfilled3.pdf ,
 page1 used on input line 62.
(pdftex.def)             Requested size: 597.45058pt x 845.15544pt.
File: Pictures/Deckblatt_Master21_englisch_fullfilled3.pdf Graphic file (type p
df)
<use Pictures/Deckblatt_Master21_englisch_fullfilled3.pdf, page 1>
Package pdftex.def Info: Pictures/Deckblatt_Master21_englisch_fullfilled3.pdf ,
 page1 used on input line 62.
(pdftex.def)             Requested size: 597.47792pt x 845.19412pt.
File: Pictures/Deckblatt_Master21_englisch_fullfilled3.pdf Graphic file (type p
df)
<use Pictures/Deckblatt_Master21_englisch_fullfilled3.pdf, page 1>
Package pdftex.def Info: Pictures/Deckblatt_Master21_englisch_fullfilled3.pdf ,
 page1 used on input line 62.
(pdftex.def)             Requested size: 597.47792pt x 845.19412pt.
File: Pictures/Deckblatt_Master21_englisch_fullfilled3.pdf Graphic file (type p
df)
<use Pictures/Deckblatt_Master21_englisch_fullfilled3.pdf, page 1>
Package pdftex.def Info: Pictures/Deckblatt_Master21_englisch_fullfilled3.pdf ,
 page1 used on input line 62.
(pdftex.def)             Requested size: 597.47792pt x 845.19412pt.
File: Pictures/Deckblatt_Master21_englisch_fullfilled3.pdf Graphic file (type p
df)
<use Pictures/Deckblatt_Master21_englisch_fullfilled3.pdf, page 1>
Package pdftex.def Info: Pictures/Deckblatt_Master21_englisch_fullfilled3.pdf ,
 page1 used on input line 62.
(pdftex.def)             Requested size: 597.47792pt x 845.19412pt.
[1



\providecommand \oddpage@label [2]{}

 <./Pictures/Deckblatt_Master21_englisch_fullfilled3.pdf>]

! Package xkeyval Error: `left' undefined in families `Gin'.

See the xkeyval package documentation for explanation.
Type  H <return>  for immediate help.
 ...                                              
                                                  
l.113 ...=0.3,left]{Pictures/logo_economics_1.png}
                                                  
Try typing  <return>  to proceed.
If that doesn't work, type  X <return>  to quit.

<Pictures/logo_economics_1.png, id=267, 602.25pt x 272.01625pt>
File: Pictures/logo_economics_1.png Graphic file (type png)
<use Pictures/logo_economics_1.png>
Package pdftex.def Info: Pictures/logo_economics_1.png  used on input line 113.

(pdftex.def)             Requested size: 180.67639pt x 81.6055pt.
<Pictures/background.pdf, id=269, 597.50786pt x 845.04686pt>
File: Pictures/background.pdf Graphic file (type pdf)
<use Pictures/background.pdf>
Package pdftex.def Info: Pictures/background.pdf  used on input line 118.
(pdftex.def)             Requested size: 597.5064pt x 845.0448pt.

Overfull \hbox (22.67807pt too wide) has occurred while \output is active
 [][]\OT1/ptm/m/n/12 /vfill 
 []

[2{c:/texlive/2019/texmf-var/fonts/map/pdftex/updmap/pdftex.map} <./Pictures/ba
ckground.pdf> <./Pictures/logo_economics_1.png>] [3] (./Thesis.toc
LaTeX Font Info:    Trying to load font information for OT1+ztmcm on input line
 7.

(c:/texlive/2019/texmf-dist/tex/latex/psnfss/ot1ztmcm.fd
File: ot1ztmcm.fd 2000/01/03 Fontinst v1.801 font definitions for OT1/ztmcm.
)
LaTeX Font Info:    Trying to load font information for OML+ztmcm on input line
 7.

(c:/texlive/2019/texmf-dist/tex/latex/psnfss/omlztmcm.fd
File: omlztmcm.fd 2000/01/03 Fontinst v1.801 font definitions for OML/ztmcm.
)
LaTeX Font Info:    Trying to load font information for OMS+ztmcm on input line
 7.

(c:/texlive/2019/texmf-dist/tex/latex/psnfss/omsztmcm.fd
File: omsztmcm.fd 2000/01/03 Fontinst v1.801 font definitions for OMS/ztmcm.
)
LaTeX Font Info:    Trying to load font information for OMX+ztmcm on input line
 7.

(c:/texlive/2019/texmf-dist/tex/latex/psnfss/omxztmcm.fd
File: omxztmcm.fd 2000/01/03 Fontinst v1.801 font definitions for OMX/ztmcm.
)
LaTeX Font Info:    Font shape `OT1/ptm/bx/n' in size <12> not available
(Font)              Font shape `OT1/ptm/b/n' tried instead on input line 7.
LaTeX Font Info:    Font shape `OT1/ptm/bx/n' in size <9> not available
(Font)              Font shape `OT1/ptm/b/n' tried instead on input line 7.
LaTeX Font Info:    Font shape `OT1/ptm/bx/n' in size <7> not available
(Font)              Font shape `OT1/ptm/b/n' tried instead on input line 7.
LaTeX Font Info:    Trying to load font information for U+rsfs on input line 7.


(c:/texlive/2019/texmf-dist/tex/latex/jknapltx/ursfs.fd
File: ursfs.fd 1998/03/24 rsfs font definition file (jk)
) [4])
\tf@toc=\write5
\openout5 = `Thesis.toc'.

 [5] [6]
(./Thesis.lof
! Misplaced alignment tab character &.
<argument> ...ine {4}{\ignorespaces NPL: Density &
                                                   Q-Q Diagram\relax }}
l.9 ...Q-Q Diagram\relax }}{25}{figure.caption.10}
                                                  %
I can't figure out why you would want to use a tab mark
here. If you just want an ampersand, the remedy is
simple: Just type `I\&' now. But if some right brace
up above has ended a previous alignment prematurely,
you're probably due for more error messages, and you
might try typing `S' now just to see what is salvageable.

)
\tf@lof=\write6
\openout6 = `Thesis.lof'.

 [7] (./Thesis.lot)
\tf@lot=\write7
\openout7 = `Thesis.lot'.

 [8]
\enitdp@abbrv=\count442
 [9]

Package Fancyhdr Warning: \headheight is too small (12.0pt): 
Make it at least 14.49998pt.
We now make it that large for the rest of the document.
This may cause the page layout to be inconsistent, however.

pdfTeX warning (ext4): destination with the same identifier (name{page.1}) has 
been already used, duplicate ignored
<to be read again> 
                   \relax 
l.253 
       [1]
LaTeX Font Info:    Trying to load font information for TS1+ptm on input line 2
60.
 (c:/texlive/2019/texmf-dist/tex/latex/psnfss/ts1ptm.fd
File: ts1ptm.fd 2001/06/04 font definitions for TS1/ptm.
)pdfTeX warning (ext4): destination with the same identifier (name{page.2}) has
 been already used, duplicate ignored
<to be read again> 
                   \relax 
l.271 
       [2]pdfTeX warning (ext4): destination with the same identifier (name{pag
e.3}) has been already used, duplicate ignored
<to be read again> 
                   \relax 
l.304 \item \textit
                   {What is the impact of Supervision under the Single Super...
[3]pdfTeX warning (ext4): destination with the same identifier (name{page.4}) h
as been already used, duplicate ignored
<to be read again> 
                   \relax 
l.375 
       [4]
Overfull \hbox (11.83977pt too wide) in paragraph at lines 566--567
\OT1/ptm/m/n/12 bank-specific and macroe-co-nomic de-ter-mi-nants and the bank'
s as-set qual-ity, us-ing non-performing
 []

pdfTeX warning (ext4): destination with the same identifier (name{page.5}) has 
been already used, duplicate ignored
<to be read again> 
                   \relax 
l.574 
       [5]pdfTeX warning (ext4): destination with the same identifier (name{pag
e.6}) has been already used, duplicate ignored
<to be read again> 
                   \relax 
l.585 \subsubsection
                    {Rule of Law, Regulation and Supervisory practices}
[6]pdfTeX warning (ext4): destination with the same identifier (name{page.7}) h
as been already used, duplicate ignored
<to be read again> 
                   \relax 
l.590 
       [7]pdfTeX warning (ext4): destination with the same identifier (name{pag
e.8}) has been already used, duplicate ignored
<to be read again> 
                   \relax 
l.603 
       [8]pdfTeX warning (ext4): destination with the same identifier (name{pag
e.9}) has been already used, duplicate ignored
<to be read again> 
                   \relax 
l.610 
       [9] [10] [11] [12] [13] [14] [15] [16] [17] [18]
Overfull \hbox (3.23433pt too wide) in paragraph at lines 939--939
[][] 
 []


Underfull \hbox (badness 10000) in paragraph at lines 939--939
[]|\OT1/ptm/m/n/10 Cross-Border Di-ver-si-fi-ca-tion In-dex
 []


Overfull \hbox (1.33936pt too wide) in paragraph at lines 939--939
[][] 
 []


Underfull \hbox (badness 1616) in paragraph at lines 939--939
[]|\OT1/ptm/m/n/10 Current ac-count bal-ance, per-cent of
 []


Underfull \hbox (badness 10000) in paragraph at lines 939--939
[]|\OT1/ptm/m/n/10 Single Su-per-vi-sory Mech-a-nism
 []

! Missing } inserted.
<inserted text> 
                }
l.954 \end{table}
                 
I've inserted something that you may have forgotten.
(See the <inserted text> above.)
With luck, this will get me unwedged. But if you
really didn't forget anything, try typing `2' now; then
my insertion and my current dilemma will both disappear.

[19] [20]
LaTeX Font Info:    Font shape `OT1/ptm/bx/n' in size <14.4> not available
(Font)              Font shape `OT1/ptm/b/n' tried instead on input line 1008.
LaTeX Font Info:    Font shape `OT1/ptm/bx/n' in size <10.95> not available
(Font)              Font shape `OT1/ptm/b/n' tried instead on input line 1008.
LaTeX Font Info:    Font shape `OT1/ptm/bx/n' in size <8> not available
(Font)              Font shape `OT1/ptm/b/n' tried instead on input line 1008.


Package hyperref Warning: Token not allowed in a PDF string (PDFDocEncoding):
(hyperref)                removing `math shift' on input line 1008.


Package hyperref Warning: Token not allowed in a PDF string (PDFDocEncoding):
(hyperref)                removing `math shift' on input line 1008.

[21] [22]
<figure/Loan_dist-1.pdf, id=778, 578.16pt x 433.62pt>
File: figure/Loan_dist-1.pdf Graphic file (type pdf)
<use figure/Loan_dist-1.pdf>
Package pdftex.def Info: figure/Loan_dist-1.pdf  used on input line 1202.
(pdftex.def)             Requested size: 478.00812pt x 358.50182pt.


Package caption Warning: The option `hypcap=true' will be ignored for this
(caption)                particular \caption on input line 1204.
See the caption package documentation for explanation.

! Extra }, or forgotten \endgroup.
\@endfloatbox ...pagefalse \outer@nobreak \egroup 
                                                  \color@endbox 
l.1207 \end{figure}
                   
I've deleted a group-closing symbol because it seems to be
spurious, as in `$x}$'. But perhaps the } is legitimate and
you forgot something else, as in `\hbox{$x}'. In such cases
the way to recover is to insert both the forgotten and the
deleted material, e.g., by typing `I$}'.

<figure/NplRatios-1.pdf, id=780, 361.35pt x 289.08pt>
File: figure/NplRatios-1.pdf Graphic file (type pdf)
<use figure/NplRatios-1.pdf>
Package pdftex.def Info: figure/NplRatios-1.pdf  used on input line 1218.
(pdftex.def)             Requested size: 418.25368pt x 334.60521pt.
<figure/npl.summ.png, id=781, 373.395pt x 259.56975pt>
File: figure/npl.summ.png Graphic file (type png)
<use figure/npl.summ.png>
Package pdftex.def Info: figure/npl.summ.png  used on input line 1230.
(pdftex.def)             Requested size: 298.75394pt x 207.69171pt.
[23 <./figure/Loan_dist-1.pdf>] [24 <./figure/NplRatios-1.pdf> <./figure/npl.su
mm.png>]
<figure/NplRatios1-1.pdf, id=815, 433.62pt x 361.35pt>
File: figure/NplRatios1-1.pdf Graphic file (type pdf)
<use figure/NplRatios1-1.pdf>
Package pdftex.def Info: figure/NplRatios1-1.pdf  used on input line 1252.
(pdftex.def)             Requested size: 418.25368pt x 348.56273pt.

! Misplaced alignment tab character &.
<argument> NPL: Density &
                          Q-Q Diagram
l.1254 \caption{NPL: Density & Q-Q Diagram}
                                           
I can't figure out why you would want to use a tab mark
here. If you just want an ampersand, the remedy is
simple: Just type `I\&' now. But if some right brace
up above has ended a previous alignment prematurely,
you're probably due for more error messages, and you
might try typing `S' now just to see what is salvageable.

! Misplaced alignment tab character &.
<argument> NPL: Density &
                          Q-Q Diagram
l.1254 \caption{NPL: Density & Q-Q Diagram}
                                           
I can't figure out why you would want to use a tab mark
here. If you just want an ampersand, the remedy is
simple: Just type `I\&' now. But if some right brace
up above has ended a previous alignment prematurely,
you're probably due for more error messages, and you
might try typing `S' now just to see what is salvageable.

<figure/NplRatios2-1.pdf, id=816, 578.16pt x 433.62pt>
File: figure/NplRatios2-1.pdf Graphic file (type pdf)
<use figure/NplRatios2-1.pdf>
Package pdftex.def Info: figure/NplRatios2-1.pdf  used on input line 1266.
(pdftex.def)             Requested size: 418.25368pt x 313.68826pt.

Package caption Warning: The option `hypcap=true' will be ignored for this
(caption)                particular \caption on input line 1269.
See the caption package documentation for explanation.

! Extra }, or forgotten \endgroup.
\@endfloatbox ...pagefalse \outer@nobreak \egroup 
                                                  \color@endbox 
l.1272 \end{figure}
                   
I've deleted a group-closing symbol because it seems to be
spurious, as in `$x}$'. But perhaps the } is legitimate and
you forgot something else, as in `\hbox{$x}'. In such cases
the way to recover is to insert both the forgotten and the
deleted material, e.g., by typing `I$}'.

[25 <./figure/NplRatios1-1.pdf>]
<figure/ExposuresRatio-1.pdf, id=833, 433.62pt x 361.35pt>
File: figure/ExposuresRatio-1.pdf Graphic file (type pdf)
<use figure/ExposuresRatio-1.pdf>
Package pdftex.def Info: figure/ExposuresRatio-1.pdf  used on input line 1293.
(pdftex.def)             Requested size: 358.50836pt x 298.77356pt.
<figure/CBDIndex1-1.pdf, id=835, 433.62pt x 361.35pt>
File: figure/CBDIndex1-1.pdf Graphic file (type pdf)
<use figure/CBDIndex1-1.pdf>
Package pdftex.def Info: figure/CBDIndex1-1.pdf  used on input line 1315.
(pdftex.def)             Requested size: 358.50836pt x 298.77356pt.
 [26 <./figure/NplRatios2-1.pdf>]

LaTeX Warning: Text page 27 contains only floats.

[27 <./figure/ExposuresRatio-1.pdf> <./figure/CBDIndex1-1.pdf>]
<figure/SSM-1.pdf, id=877, 433.62pt x 433.62pt>
File: figure/SSM-1.pdf Graphic file (type pdf)
<use figure/SSM-1.pdf>
Package pdftex.def Info: figure/SSM-1.pdf  used on input line 1338.
(pdftex.def)             Requested size: 358.50836pt x 358.52827pt.
 [28 <./figure/SSM-1.pdf>] [29]
! Missing $ inserted.
<inserted text> 
                $
l.1627 ...g ratio for bank $i$ in year $t$, \alpha
                                                  $ is a scalar, $\beta$ is ...
I've inserted a begin-math/end-math symbol since I think
you left one out. Proceed, with fingers crossed.

[30] [31] [32] [33] [34] [35]
Underfull \hbox (badness 10000) in paragraph at lines 1807--1808

 []

! Undefined control sequence.
l.1811 ... not be correlated with $\Delta \upsylon
                                                  _{i,t-1} = (\upsilon_{i,t-...
The control sequence at the end of the top line
of your error message was never \def'ed. If you have
misspelled it (e.g., `\hobx'), type `I' and the correct
spelling (e.g., `I\hbox'). Otherwise just continue,
and I'll forget about whatever was undefined.

! Undefined control sequence.
<recently read> \upsylon 
                         
l.1815 ...ion introduced into the errors $\upsylon
                                                  _{it}$ by first-differencing
The control sequence at the end of the top line
of your error message was never \def'ed. If you have
misspelled it (e.g., `\hobx'), type `I' and the correct
spelling (e.g., `I\hbox'). Otherwise just continue,
and I'll forget about whatever was undefined.

[36] [37] [38] [39]
! Extra }, or forgotten $.
l.1896 ...{y_{it}} (\tau|\enspace x_{it},\mu_{i})}
                                                  $ denotes the conditional ...
I've deleted a group-closing symbol because it seems to be
spurious, as in `$x}$'. But perhaps the } is legitimate and
you forgot something else, as in `\hbox{$x}'. In such cases
the way to recover is to insert both the forgotten and the
deleted material, e.g., by typing `I$}'.

[40]
! Extra }, or forgotten $.
l.1928 ...bda \sum_{i=1}^n \lvert\alpha_{i}\rvert}
                                                  
I've deleted a group-closing symbol because it seems to be
spurious, as in `$x}$'. But perhaps the } is legitimate and
you forgot something else, as in `\hbox{$x}'. In such cases
the way to recover is to insert both the forgotten and the
deleted material, e.g., by typing `I$}'.

[41] [42] [43] [44] [45] [46]
Overfull \hbox (22.37521pt too wide) in paragraph at lines 1987--1988
[]\OT1/ptm/m/n/12 As in-di-ca-tors re-lated to bank cap-i-tal-iza-tion, the Com
-mon Eq-uity Tier 1 Ra-tio -CET1- (CET1[]ratio[]tr)
 []

[47] [48] [49] [50] [51]
Overfull \hbox (19.14978pt too wide) in paragraph at lines 2055--2056
[]\OT1/ptm/m/n/12 With re-gard to the terms of trade, the cur-rent ac-count bal
-ance as a per-cent-age of GDP (curr[]acc[]bal)
 []

[52] [53] [54]
Overfull \hbox (13.49493pt too wide) in alignment at lines 2172--2172
[][][][][] 
 []

! Missing } inserted.
<inserted text> 
                }
l.2188 \end{table}
                  
I've inserted something that you may have forgotten.
(See the <inserted text> above.)
With luck, this will get me unwedged. But if you
really didn't forget anything, try typing `2' now; then
my insertion and my current dilemma will both disappear.

(./Tables/Final/Panel/Static_Models_SELEC_pr4.tex) [55] [56]
<figure/qq_graph-1.pdf, id=1205, 722.7pt x 939.51pt>
File: figure/qq_graph-1.pdf Graphic file (type pdf)
<use figure/qq_graph-1.pdf>
Package pdftex.def Info: figure/qq_graph-1.pdf  used on input line 2419.
(pdftex.def)             Requested size: 537.75343pt x 699.08284pt.


LaTeX Warning: Float too large for page by 49.52612pt on input line 2425.

! Too many }'s.
\@endfloatbox ...pagefalse \outer@nobreak \egroup 
                                                  \color@endbox 
l.2430 \end{figure}
                   
You've closed more groups than you opened.
Such booboos are generally harmless, so keep going.

! Extra \endgroup.
\color@endgroup ->\endgraf \endgroup 
                                     
l.2430 \end{figure}
                   
Things are pretty mixed up, but I think the worst is over.

! Too many }'s.
\color@endbox ->\color@endgroup \egroup 
                                        
l.2430 \end{figure}
                   
You've closed more groups than you opened.
Such booboos are generally harmless, so keep going.


! LaTeX Error: \begin{document} ended by \end{figure}.

See the LaTeX manual or LaTeX Companion for explanation.
Type  H <return>  for immediate help.
 ...                                              
                                                  
l.2430 \end{figure}
                   
Your command was ignored.
Type  I <command> <return>  to replace it with another command,
or  <return>  to continue without it.

! Extra \endgroup.
<recently read> \endgroup 
                          
l.2430 \end{figure}
                   
Things are pretty mixed up, but I think the worst is over.

<figure/feqq1_graph-1.pdf, id=1206, 722.7pt x 939.51pt>
File: figure/feqq1_graph-1.pdf Graphic file (type pdf)
<use figure/feqq1_graph-1.pdf>
Package pdftex.def Info: figure/feqq1_graph-1.pdf  used on input line 2437.
(pdftex.def)             Requested size: 537.75343pt x 699.08284pt.

LaTeX Warning: Float too large for page by 49.52612pt on input line 2443.

! Too many }'s.
\@endfloatbox ...pagefalse \outer@nobreak \egroup 
                                                  \color@endbox 
l.2448 \end{figure}
                   
You've closed more groups than you opened.
Such booboos are generally harmless, so keep going.

! Extra \endgroup.
\color@endgroup ->\endgraf \endgroup 
                                     
l.2448 \end{figure}
                   
Things are pretty mixed up, but I think the worst is over.

! Too many }'s.
\color@endbox ->\color@endgroup \egroup 
                                        
l.2448 \end{figure}
                   
You've closed more groups than you opened.
Such booboos are generally harmless, so keep going.


! LaTeX Error: \begin{document} ended by \end{figure}.

See the LaTeX manual or LaTeX Companion for explanation.
Type  H <return>  for immediate help.
 ...                                              
                                                  
l.2448 \end{figure}
                   
Your command was ignored.
Type  I <command> <return>  to replace it with another command,
or  <return>  to continue without it.

! Extra \endgroup.
<recently read> \endgroup 
                          
l.2448 \end{figure}
                   
Things are pretty mixed up, but I think the worst is over.

<figure/feqq2_5_graph-1.pdf, id=1207, 722.7pt x 939.51pt>
File: figure/feqq2_5_graph-1.pdf Graphic file (type pdf)
<use figure/feqq2_5_graph-1.pdf>
Package pdftex.def Info: figure/feqq2_5_graph-1.pdf  used on input line 2454.
(pdftex.def)             Requested size: 537.75343pt x 699.08284pt.

LaTeX Warning: Float too large for page by 49.52612pt on input line 2459.

! Too many }'s.
\@endfloatbox ...pagefalse \outer@nobreak \egroup 
                                                  \color@endbox 
l.2465 \end{figure}
                   
You've closed more groups than you opened.
Such booboos are generally harmless, so keep going.

! Extra \endgroup.
\color@endgroup ->\endgraf \endgroup 
                                     
l.2465 \end{figure}
                   
Things are pretty mixed up, but I think the worst is over.

! Too many }'s.
\color@endbox ->\color@endgroup \egroup 
                                        
l.2465 \end{figure}
                   
You've closed more groups than you opened.
Such booboos are generally harmless, so keep going.


! LaTeX Error: \begin{document} ended by \end{figure}.

See the LaTeX manual or LaTeX Companion for explanation.
Type  H <return>  for immediate help.
 ...                                              
                                                  
l.2465 \end{figure}
                   
Your command was ignored.
Type  I <command> <return>  to replace it with another command,
or  <return>  to continue without it.

! Extra \endgroup.
<recently read> \endgroup 
                          
l.2465 \end{figure}
                   
Things are pretty mixed up, but I think the worst is over.

<figure/feqq5_graph-1.pdf, id=1208, 722.7pt x 939.51pt>
File: figure/feqq5_graph-1.pdf Graphic file (type pdf)
<use figure/feqq5_graph-1.pdf>
Package pdftex.def Info: figure/feqq5_graph-1.pdf  used on input line 2471.
(pdftex.def)             Requested size: 537.75343pt x 699.08284pt.

LaTeX Warning: Float too large for page by 49.52612pt on input line 2476.

[57 <./figure/qq_graph-1.pdf>] [58 <./figure/feqq1_graph-1.pdf>] [59 <./figure/
feqq2_5_graph-1.pdf>] [60 <./figure/feqq5_graph-1.pdf>]
! Too many }'s.
l.2737 ...Return on Risk adjusted Capital (RORAC)}
                                                   is the main indicator of ...
You've closed more groups than you opened.
Such booboos are generally harmless, so keep going.


Overfull \hbox (7.68788pt too wide) in paragraph at lines 2737--2738
[]\OT1/ptm/m/n/12 Regarding the main bank-specific in-di-ca-tors, Com-mon Eq-ui
ty Tier1 Ratio-CET1- (CET1[]ratio[]tr)
 []

[61


]
! Too many }'s.
l.2739 ...ndicators, inflation rates (infl\_perc)}
                                                   remain significance in al...
You've closed more groups than you opened.
Such booboos are generally harmless, so keep going.

! Too many }'s.
l.2739 ... Unemployment rates (unempl\_rate\_imf)}
                                                   show a positive correlati...
You've closed more groups than you opened.
Such booboos are generally harmless, so keep going.

! Too many }'s.
l.2739 ...-cents on the dollar- (Reco\_rate\_dol)}
                                                   appears to be a very impo...
You've closed more groups than you opened.
Such booboos are generally harmless, so keep going.

[62] [63] [64] [65] [66]

! LaTeX Error: Command \textquotedbl unavailable in encoding OT1.

See the LaTeX manual or LaTeX Companion for explanation.
Type  H <return>  for immediate help.
 ...                                              
                                                  
l.2955 ...hy[heading=bibintoc,title ={References}]
                                                  
Your command was ignored.
Type  I <command> <return>  to replace it with another command,
or  <return>  to continue without it.


! LaTeX Error: Command \textquotedbl unavailable in encoding OT1.

See the LaTeX manual or LaTeX Companion for explanation.
Type  H <return>  for immediate help.
 ...                                              
                                                  
l.2955 ...hy[heading=bibintoc,title ={References}]
                                                  
Your command was ignored.
Type  I <command> <return>  to replace it with another command,
or  <return>  to continue without it.


Overfull \hbox (8.91206pt too wide) in paragraph at lines 2955--2955
\OT1/ptm/m/n/12 20EBA % 20Methodological % 20Guide % 20 -[] %20Risk % 20Indicat
ors % 20and % 20DRAT %
 []


Overfull \hbox (36.23984pt too wide) in paragraph at lines 2955--2955
\OT1/ptm/m/n/12 20Analysis % 20and % 20Data / eu % 20Wide % 20Transparency % 20
Exercise / 2020 / Transparency %
 []

[67]
Overfull \hbox (20.31108pt too wide) in paragraph at lines 2955--2955
[][]\OT1/ptm/m/n/12 Ghosh, A. (2015). Banking-industry spe-cific and re-gional 
eco-nomic de-ter-mi-nants of non-performing
 []

[68] [69]
Overfull \hbox (16.51869pt too wide) in paragraph at lines 2955--2955
[][]\OT1/ptm/m/n/12 Nkusu, M. (2011). Non-per-form-ing loans and macro-fi-nan-c
ial vul-ner-a-bil-i-ties in ad-vanced economies.
 []

[70]
Overfull \hbox (121.25606pt too wide) in paragraph at lines 2955--2955
\OT1/ptm/m/it/12 per Se-ries\OT1/ptm/m/n/12 , (4), 43{72. [][]$https : / / www 
. bundesbank . de / resource / blob / 704208 / 40ae760dc7ac5d1b9591e1f239a81333
 /
 []

[71] [72] [73] [74] [75]
Overfull \hbox (14.10443pt too wide) detected at line 3259
[]
 []

[76] [77]
Underfull \hbox (badness 10000) in paragraph at lines 3363--3364

 []

[78] [79]
<figure/country_destination2-1.pdf, id=1455, 433.62pt x 578.16pt>
File: figure/country_destination2-1.pdf Graphic file (type pdf)
<use figure/country_destination2-1.pdf>
Package pdftex.def Info: figure/country_destination2-1.pdf  used on input line 
3443.
(pdftex.def)             Requested size: 418.25368pt x 557.70036pt.
 [80 <./figure/country_destination2-1.pdf>]
<figure/VarDistr-1.pdf, id=1465, 722.7pt x 867.24pt>
File: figure/VarDistr-1.pdf Graphic file (type pdf)
<use figure/VarDistr-1.pdf>
Package pdftex.def Info: figure/VarDistr-1.pdf  used on input line 3459.
(pdftex.def)             Requested size: 478.00812pt x 573.61086pt.
<figure/Scatter-1.pdf, id=1466, 722.7pt x 867.24pt>
File: figure/Scatter-1.pdf Graphic file (type pdf)
<use figure/Scatter-1.pdf>
Package pdftex.def Info: figure/Scatter-1.pdf  used on input line 3472.
(pdftex.def)             Requested size: 537.75343pt x 645.30725pt.
 [81 <./figure/VarDistr-1.pdf>] [82 <./figure/Scatter-1.pdf>]
(./Tables/Final/Descrstats/DescriptiveStatistics2.tex
Overfull \hbox (18.77744pt too wide) in paragraph at lines 12--104
[]$[]$ 
 []


Overfull \hbox (18.77744pt too wide) in paragraph at lines 12--104
[]$ 
 []


Overfull \hbox (18.77744pt too wide) in paragraph at lines 12--104
[]$ 
 []

) [83

]
<figure/Corr_hh-1.pdf, id=1497, 505.89pt x 505.89pt>
File: figure/Corr_hh-1.pdf Graphic file (type pdf)
<use figure/Corr_hh-1.pdf>
Package pdftex.def Info: figure/Corr_hh-1.pdf  used on input line 3496.
(pdftex.def)             Requested size: 537.75343pt x 537.76152pt.
<figure/Corr_nfi-1.pdf, id=1498, 505.89pt x 505.89pt>
File: figure/Corr_nfi-1.pdf Graphic file (type pdf)
<use figure/Corr_nfi-1.pdf>
Package pdftex.def Info: figure/Corr_nfi-1.pdf  used on input line 3512.
(pdftex.def)             Requested size: 537.75343pt x 537.76152pt.
 [84 <./figure/Corr_hh-1.pdf>]
<figure/Corr_fi-1.pdf, id=1509, 505.89pt x 505.89pt>
File: figure/Corr_fi-1.pdf Graphic file (type pdf)
<use figure/Corr_fi-1.pdf>
Package pdftex.def Info: figure/Corr_fi-1.pdf  used on input line 3527.
(pdftex.def)             Requested size: 537.75343pt x 537.76152pt.
 [85 <./figure/Corr_nfi-1.pdf>] [86 <./figure/Corr_fi-1.pdf>] (./Tables/Final/v
if/vif3.tex)
(./Tables/Final/Tests/bpfhtwt3.tex) [87]
(./Tables/Final/quantile/Quantil_Regression_npl_hh_pr.tex)
(./Tables/Final/quantile/Quantil_Regression_npl_nfi_pr.tex [88])
(./Tables/Final/quantile/Quantil_Regression_npl_fi_pr.tex [89]
Overfull \vbox (22.58353pt too high) has occurred while \output is active []


[90])
Overfull \vbox (22.58353pt too high) has occurred while \output is active []


[91] (./Tables/Final/quantile/Slope_Test2.tex)
(./Tables/Final/quantile/QRFE_npl_hh_pr.tex) [92]
(./Tables/Final/quantile/QRFE_npl_nfi_pr.tex)
(./Tables/Final/quantile/QRFE_npl_fi_pr.tex [93]) [94] [95]
(./Tables/Final/Panel/Static_Models_SELEC_pr4_bk.tex)
<figure/qq_graph_bk-1.pdf, id=1568, 722.7pt x 578.16pt>
File: figure/qq_graph_bk-1.pdf Graphic file (type pdf)
<use figure/qq_graph_bk-1.pdf>
Package pdftex.def Info: figure/qq_graph_bk-1.pdf  used on input line 3570.
(pdftex.def)             Requested size: 537.75343pt x 430.20482pt.

! Too many }'s.
\@endfloatbox ...pagefalse \outer@nobreak \egroup 
                                                  \color@endbox 
l.3576 \end{figure}
                   
You've closed more groups than you opened.
Such booboos are generally harmless, so keep going.

! Extra \endgroup.
\color@endgroup ->\endgraf \endgroup 
                                     
l.3576 \end{figure}
                   
Things are pretty mixed up, but I think the worst is over.

! Too many }'s.
\color@endbox ->\color@endgroup \egroup 
                                        
l.3576 \end{figure}
                   
You've closed more groups than you opened.
Such booboos are generally harmless, so keep going.


! LaTeX Error: \begin{document} ended by \end{figure}.

See the LaTeX manual or LaTeX Companion for explanation.
Type  H <return>  for immediate help.
 ...                                              
                                                  
l.3576 \end{figure}
                   
Your command was ignored.
Type  I <command> <return>  to replace it with another command,
or  <return>  to continue without it.

! Extra \endgroup.
<recently read> \endgroup 
                          
l.3576 \end{figure}
                   
Things are pretty mixed up, but I think the worst is over.

! Too many }'s.
\@endfloatbox ...pagefalse \outer@nobreak \egroup 
                                                  \color@endbox 
l.3581 \end{figure}
                   
You've closed more groups than you opened.
Such booboos are generally harmless, so keep going.

! Extra \endgroup.
\color@endgroup ->\endgraf \endgroup 
                                     
l.3581 \end{figure}
                   
Things are pretty mixed up, but I think the worst is over.

! Too many }'s.
\color@endbox ->\color@endgroup \egroup 
                                        
l.3581 \end{figure}
                   
You've closed more groups than you opened.
Such booboos are generally harmless, so keep going.


! LaTeX Error: \begin{document} ended by \end{figure}.

See the LaTeX manual or LaTeX Companion for explanation.
Type  H <return>  for immediate help.
 ...                                              
                                                  
l.3581 \end{figure}
                   
Your command was ignored.
Type  I <command> <return>  to replace it with another command,
or  <return>  to continue without it.

! Extra \endgroup.
<recently read> \endgroup 
                          
l.3581 \end{figure}
                   
Things are pretty mixed up, but I think the worst is over.

<figure/feqq1_graph_bk-1.pdf, id=1569, 722.7pt x 578.16pt>
File: figure/feqq1_graph_bk-1.pdf Graphic file (type pdf)
<use figure/feqq1_graph_bk-1.pdf>
Package pdftex.def Info: figure/feqq1_graph_bk-1.pdf  used on input line 3588.
(pdftex.def)             Requested size: 537.75343pt x 430.20482pt.
! Too many }'s.
\@endfloatbox ...pagefalse \outer@nobreak \egroup 
                                                  \color@endbox 
l.3599 \end{figure}
                   
You've closed more groups than you opened.
Such booboos are generally harmless, so keep going.

! Extra \endgroup.
\color@endgroup ->\endgraf \endgroup 
                                     
l.3599 \end{figure}
                   
Things are pretty mixed up, but I think the worst is over.

! Too many }'s.
\color@endbox ->\color@endgroup \egroup 
                                        
l.3599 \end{figure}
                   
You've closed more groups than you opened.
Such booboos are generally harmless, so keep going.


! LaTeX Error: \begin{document} ended by \end{figure}.

See the LaTeX manual or LaTeX Companion for explanation.
Type  H <return>  for immediate help.
 ...                                              
                                                  
l.3599 \end{figure}
                   
Your command was ignored.
Type  I <command> <return>  to replace it with another command,
or  <return>  to continue without it.

! Extra \endgroup.
<recently read> \endgroup 
                          
l.3599 \end{figure}
                   
Things are pretty mixed up, but I think the worst is over.

<figure/feqq2_5_graph_bk-1.pdf, id=1570, 722.7pt x 578.16pt>
File: figure/feqq2_5_graph_bk-1.pdf Graphic file (type pdf)
<use figure/feqq2_5_graph_bk-1.pdf>
Package pdftex.def Info: figure/feqq2_5_graph_bk-1.pdf  used on input line 3605
.
(pdftex.def)             Requested size: 537.75343pt x 430.20482pt.
! Too many }'s.
\@endfloatbox ...pagefalse \outer@nobreak \egroup 
                                                  \color@endbox 
l.3615 \end{figure}
                   
You've closed more groups than you opened.
Such booboos are generally harmless, so keep going.

! Extra \endgroup.
\color@endgroup ->\endgraf \endgroup 
                                     
l.3615 \end{figure}
                   
Things are pretty mixed up, but I think the worst is over.

! Too many }'s.
\color@endbox ->\color@endgroup \egroup 
                                        
l.3615 \end{figure}
                   
You've closed more groups than you opened.
Such booboos are generally harmless, so keep going.


! LaTeX Error: \begin{document} ended by \end{figure}.

See the LaTeX manual or LaTeX Companion for explanation.
Type  H <return>  for immediate help.
 ...                                              
                                                  
l.3615 \end{figure}
                   
Your command was ignored.
Type  I <command> <return>  to replace it with another command,
or  <return>  to continue without it.

! Extra \endgroup.
<recently read> \endgroup 
                          
l.3615 \end{figure}
                   
Things are pretty mixed up, but I think the worst is over.

<figure/feqq5_graph_bk-1.pdf, id=1571, 722.7pt x 578.16pt>
File: figure/feqq5_graph_bk-1.pdf Graphic file (type pdf)
<use figure/feqq5_graph_bk-1.pdf>
Package pdftex.def Info: figure/feqq5_graph_bk-1.pdf  used on input line 3621.
(pdftex.def)             Requested size: 537.75343pt x 430.20482pt.
[96] [97 <./figure/qq_graph_bk-1.pdf>] [98 <./figure/feqq1_graph_bk-1.pdf>]
[99 <./figure/feqq2_5_graph_bk-1.pdf>] [100 <./figure/feqq5_graph_bk-1.pdf>]

Package hyperref Warning: Token not allowed in a PDF string (PDFDocEncoding):
(hyperref)                removing `math shift' on input line 3631.


Package hyperref Warning: Token not allowed in a PDF string (PDFDocEncoding):
(hyperref)                removing `\geq' on input line 3631.


Package hyperref Warning: Token not allowed in a PDF string (PDFDocEncoding):
(hyperref)                removing `math shift' on input line 3631.

(./Tables/Final/Panel/Static_Models_SELEC_pr4_75.tex)
<figure/qq_graph_75-1.pdf, id=1630, 722.7pt x 939.51pt>
File: figure/qq_graph_75-1.pdf Graphic file (type pdf)
<use figure/qq_graph_75-1.pdf>
Package pdftex.def Info: figure/qq_graph_75-1.pdf  used on input line 3643.
(pdftex.def)             Requested size: 537.75343pt x 699.08284pt.


LaTeX Warning: Float too large for page by 49.52612pt on input line 3649.

! Too many }'s.
\@endfloatbox ...pagefalse \outer@nobreak \egroup 
                                                  \color@endbox 
l.3654 \end{figure}
                   
You've closed more groups than you opened.
Such booboos are generally harmless, so keep going.

! Extra \endgroup.
\color@endgroup ->\endgraf \endgroup 
                                     
l.3654 \end{figure}
                   
Things are pretty mixed up, but I think the worst is over.

! Too many }'s.
\color@endbox ->\color@endgroup \egroup 
                                        
l.3654 \end{figure}
                   
You've closed more groups than you opened.
Such booboos are generally harmless, so keep going.


! LaTeX Error: \begin{document} ended by \end{figure}.

See the LaTeX manual or LaTeX Companion for explanation.
Type  H <return>  for immediate help.
 ...                                              
                                                  
l.3654 \end{figure}
                   
Your command was ignored.
Type  I <command> <return>  to replace it with another command,
or  <return>  to continue without it.

! Extra \endgroup.
<recently read> \endgroup 
                          
l.3654 \end{figure}
                   
Things are pretty mixed up, but I think the worst is over.

<figure/feqq1_graph_75-1.pdf, id=1631, 722.7pt x 939.51pt>
File: figure/feqq1_graph_75-1.pdf Graphic file (type pdf)
<use figure/feqq1_graph_75-1.pdf>
Package pdftex.def Info: figure/feqq1_graph_75-1.pdf  used on input line 3661.
(pdftex.def)             Requested size: 537.75343pt x 699.08284pt.

LaTeX Warning: Float too large for page by 49.52612pt on input line 3667.

! Too many }'s.
\@endfloatbox ...pagefalse \outer@nobreak \egroup 
                                                  \color@endbox 
l.3672 \end{figure}
                   
You've closed more groups than you opened.
Such booboos are generally harmless, so keep going.

! Extra \endgroup.
\color@endgroup ->\endgraf \endgroup 
                                     
l.3672 \end{figure}
                   
Things are pretty mixed up, but I think the worst is over.

! Too many }'s.
\color@endbox ->\color@endgroup \egroup 
                                        
l.3672 \end{figure}
                   
You've closed more groups than you opened.
Such booboos are generally harmless, so keep going.


! LaTeX Error: \begin{document} ended by \end{figure}.

See the LaTeX manual or LaTeX Companion for explanation.
Type  H <return>  for immediate help.
 ...                                              
                                                  
l.3672 \end{figure}
                   
Your command was ignored.
Type  I <command> <return>  to replace it with another command,
or  <return>  to continue without it.

! Extra \endgroup.
<recently read> \endgroup 
                          
l.3672 \end{figure}
                   
Things are pretty mixed up, but I think the worst is over.

<figure/feqq2_5_graph_75-1.pdf, id=1632, 722.7pt x 939.51pt>
File: figure/feqq2_5_graph_75-1.pdf Graphic file (type pdf)
<use figure/feqq2_5_graph_75-1.pdf>
Package pdftex.def Info: figure/feqq2_5_graph_75-1.pdf  used on input line 3678
.
(pdftex.def)             Requested size: 537.75343pt x 699.08284pt.

LaTeX Warning: Float too large for page by 49.52612pt on input line 3683.

! Too many }'s.
\@endfloatbox ...pagefalse \outer@nobreak \egroup 
                                                  \color@endbox 
l.3689 \end{figure}
                   
You've closed more groups than you opened.
Such booboos are generally harmless, so keep going.

! Extra \endgroup.
\color@endgroup ->\endgraf \endgroup 
                                     
l.3689 \end{figure}
                   
Things are pretty mixed up, but I think the worst is over.

! Too many }'s.
\color@endbox ->\color@endgroup \egroup 
                                        
l.3689 \end{figure}
                   
You've closed more groups than you opened.
Such booboos are generally harmless, so keep going.


! LaTeX Error: \begin{document} ended by \end{figure}.

See the LaTeX manual or LaTeX Companion for explanation.
Type  H <return>  for immediate help.
 ...                                              
                                                  
l.3689 \end{figure}
                   
Your command was ignored.
Type  I <command> <return>  to replace it with another command,
or  <return>  to continue without it.

! Extra \endgroup.
<recently read> \endgroup 
                          
l.3689 \end{figure}
                   
Things are pretty mixed up, but I think the worst is over.

<figure/feqq5_graph_75-1.pdf, id=1633, 722.7pt x 939.51pt>
File: figure/feqq5_graph_75-1.pdf Graphic file (type pdf)
<use figure/feqq5_graph_75-1.pdf>
Package pdftex.def Info: figure/feqq5_graph_75-1.pdf  used on input line 3695.
(pdftex.def)             Requested size: 537.75343pt x 699.08284pt.

LaTeX Warning: Float too large for page by 49.52612pt on input line 3700.


Package caption Warning: Unused \captionsetup[figure] on input line 3702.
See the caption package documentation for explanation.

Package atveryend Info: Empty hook `BeforeClearDocument' on input line 3715.
[101

] [102 <./figure/qq_graph_75-1.pdf>] [103 <./figure/feqq1_graph_75-1.pdf>]
[104 <./figure/feqq2_5_graph_75-1.pdf>] [105 <./figure/feqq5_graph_75-1.pdf>]
Package atveryend Info: Empty hook `AfterLastShipout' on input line 3715.

(./Thesis.aux)
Package atveryend Info: Executing hook `AtVeryEndDocument' on input line 3715.
Package atveryend Info: Executing hook `AtEndAfterFileList' on input line 3715.

Package rerunfilecheck Info: File `Thesis.out' has not changed.
(rerunfilecheck)             Checksum: CD4F8FD19E25E2F53F895B3395A7F1B3;4540.
Package logreq Info: Writing requests to 'Thesis.run.xml'.
\openout1 = `Thesis.run.xml'.

 ) 
Here is how much of TeX's memory you used:
 20456 strings out of 481250
 352056 string characters out of 5922108
 1227186 words of memory out of 5000000
 34838 multiletter control sequences out of 15000+600000
 605091 words of font info for 176 fonts, out of 8000000 for 9000
 1141 hyphenation exceptions out of 8191
 64i,19n,101p,3419b,4846s stack positions out of 5000i,500n,10000p,200000b,80000s
pdfTeX warning (dest): name{Hfootnote.2} has been referenced but does not exi
st, replaced by a fixed one

pdfTeX warning (dest): name{Hfootnote.1} has been referenced but does not exist
, replaced by a fixed one

{c:/texlive/2019/texmf-dist/fonts/enc/dvips/base/8r.enc}<c:/texlive/2019/texmf-
dist/fonts/type1/public/amsfonts/cm/cmmi10.pfb><c:/texlive/2019/texmf-dist/font
s/type1/public/amsfonts/cm/cmr10.pfb><c:/texlive/2019/texmf-dist/fonts/type1/pu
blic/amsfonts/cm/cmsy10.pfb><c:/texlive/2019/texmf-dist/fonts/type1/public/amsf
onts/symbols/msbm10.pfb><c:/texlive/2019/texmf-dist/fonts/type1/urw/symbol/usyr
.pfb><c:/texlive/2019/texmf-dist/fonts/type1/urw/symbol/usyr.pfb><c:/texlive/20
19/texmf-dist/fonts/type1/urw/times/utmb8a.pfb><c:/texlive/2019/texmf-dist/font
s/type1/urw/times/utmbi8a.pfb><c:/texlive/2019/texmf-dist/fonts/type1/urw/times
/utmr8a.pfb><c:/texlive/2019/texmf-dist/fonts/type1/urw/times/utmri8a.pfb>
Output written on Thesis.pdf (114 pages, 1965539 bytes).
PDF statistics:
 1809 PDF objects out of 2073 (max. 8388607)
 1587 compressed objects within 16 object streams
 375 named destinations out of 1000 (max. 500000)
 577 words of extra memory for PDF output out of 10000 (max. 10000000)

